------------------------------------------------------------
Timing Analyzer Summary
------------------------------------------------------------

Type  : Slow 1100mV 85C Model Setup 'clk'
Slack : -9.926
TNS   : -2615.820

Type  : Slow 1100mV 85C Model Setup 'rd_clk'
Slack : -2.123
TNS   : -123.173

Type  : Slow 1100mV 85C Model Hold 'clk'
Slack : 0.233
TNS   : 0.000

Type  : Slow 1100mV 85C Model Hold 'rd_clk'
Slack : 0.279
TNS   : 0.000

Type  : Slow 1100mV 85C Model Minimum Pulse Width 'clk'
Slack : -2.636
TNS   : -1372.834

Type  : Slow 1100mV 85C Model Minimum Pulse Width 'rd_clk'
Slack : -2.174
TNS   : -166.487

Type  : Slow 1100mV 0C Model Setup 'clk'
Slack : -10.130
TNS   : -2616.320

Type  : Slow 1100mV 0C Model Setup 'rd_clk'
Slack : -2.102
TNS   : -123.345

Type  : Slow 1100mV 0C Model Hold 'clk'
Slack : 0.101
TNS   : 0.000

Type  : Slow 1100mV 0C Model Hold 'rd_clk'
Slack : 0.248
TNS   : 0.000

Type  : Slow 1100mV 0C Model Minimum Pulse Width 'clk'
Slack : -2.636
TNS   : -1398.032

Type  : Slow 1100mV 0C Model Minimum Pulse Width 'rd_clk'
Slack : -2.174
TNS   : -169.419

Type  : Fast 1100mV 85C Model Setup 'clk'
Slack : -4.817
TNS   : -1236.179

Type  : Fast 1100mV 85C Model Setup 'rd_clk'
Slack : -0.758
TNS   : -33.027

Type  : Fast 1100mV 85C Model Hold 'clk'
Slack : 0.148
TNS   : 0.000

Type  : Fast 1100mV 85C Model Hold 'rd_clk'
Slack : 0.168
TNS   : 0.000

Type  : Fast 1100mV 85C Model Minimum Pulse Width 'clk'
Slack : -2.636
TNS   : -1058.059

Type  : Fast 1100mV 85C Model Minimum Pulse Width 'rd_clk'
Slack : -2.174
TNS   : -140.526

Type  : Fast 1100mV 0C Model Setup 'clk'
Slack : -4.541
TNS   : -1105.676

Type  : Fast 1100mV 0C Model Setup 'rd_clk'
Slack : -0.654
TNS   : -26.153

Type  : Fast 1100mV 0C Model Hold 'clk'
Slack : 0.103
TNS   : 0.000

Type  : Fast 1100mV 0C Model Hold 'rd_clk'
Slack : 0.106
TNS   : 0.000

Type  : Fast 1100mV 0C Model Minimum Pulse Width 'clk'
Slack : -2.636
TNS   : -1059.331

Type  : Fast 1100mV 0C Model Minimum Pulse Width 'rd_clk'
Slack : -2.174
TNS   : -140.623

------------------------------------------------------------
